2026-05-06 16:22:30 | INFO     | main                           | ======================================================================
2026-05-06 16:22:30 | INFO     | main                           | STOCK TREND FORECASTING PIPELINE — START
2026-05-06 16:22:30 | INFO     | main                           | ======================================================================
2026-05-06 16:22:30 | INFO     | main                           | [STAGE 1/6] Data Ingestion — START
2026-05-06 16:22:30 | INFO     | data.loader                    | sample_data.csv not found — generating synthetic OHLCV data.
2026-05-06 16:22:30 | INFO     | data.loader                    | Synthetic data written to C:\Users\kutkar01\OneDrive - dentsu\Desktop\Personal\StockAnalysis\stock_forecaster\data\sample_data.csv (500 rows).
2026-05-06 16:22:30 | INFO     | data.loader                    | Data loaded: 500 rows | columns: ['Date', 'Open', 'High', 'Low', 'close_price', 'Volume']
2026-05-06 16:22:30 | INFO     | data.validator                 | Validation passed — 500 rows | date range: 2022-01-03 → 2023-12-01
2026-05-06 16:22:30 | INFO     | main                           | [STAGE 1/6] Data Ingestion — COMPLETE
2026-05-06 16:22:30 | INFO     | main                           | [STAGE 2/6] Feature Engineering — START
2026-05-06 16:22:30 | INFO     | features.feature_pipeline      | Starting feature matrix construction.
2026-05-06 16:22:31 | ERROR    | main                           | PIPELINE FAILED — full traceback below:
Traceback (most recent call last):
  File "C:\Users\kutkar01\AppData\Local\Programs\Python\Python312\Lib\site-packages\pandas\core\indexes\base.py", line 3805, in get_loc
    return self._engine.get_loc(casted_key)
           ^^^^^^^^^^^^^^^^^^^^^^^^^^^^^^^^
  File "index.pyx", line 167, in pandas._libs.index.IndexEngine.get_loc
  File "index.pyx", line 196, in pandas._libs.index.IndexEngine.get_loc
  File "pandas\\_libs\\hashtable_class_helper.pxi", line 7081, in pandas._libs.hashtable.PyObjectHashTable.get_item
  File "pandas\\_libs\\hashtable_class_helper.pxi", line 7089, in pandas._libs.hashtable.PyObjectHashTable.get_item
KeyError: 'Close'

The above exception was the direct cause of the following exception:

Traceback (most recent call last):
  File "C:\Users\kutkar01\OneDrive - dentsu\Desktop\Personal\StockAnalysis\stock_forecaster\main.py", line 100, in <module>
    run_pipeline()
  File "C:\Users\kutkar01\OneDrive - dentsu\Desktop\Personal\StockAnalysis\stock_forecaster\main.py", line 56, in run_pipeline
    lag_df, rolling_df, target = build_feature_matrix(df)
                                 ^^^^^^^^^^^^^^^^^^^^^^^^
  File "C:\Users\kutkar01\OneDrive - dentsu\Desktop\Personal\StockAnalysis\stock_forecaster\features\feature_pipeline.py", line 29, in build_feature_matrix
    target = df["Close"].shift(-1).rename("target")
             ~~^^^^^^^^^
  File "C:\Users\kutkar01\AppData\Local\Programs\Python\Python312\Lib\site-packages\pandas\core\frame.py", line 4102, in __getitem__
    indexer = self.columns.get_loc(key)
              ^^^^^^^^^^^^^^^^^^^^^^^^^
  File "C:\Users\kutkar01\AppData\Local\Programs\Python\Python312\Lib\site-packages\pandas\core\indexes\base.py", line 3812, in get_loc
    raise KeyError(key) from err
KeyError: 'Close'

